// Jest Snapshot v1, https://goo.gl/fbAQLP

exports[`should match snapshot 1`] = `
<div>
  <div
    class="DisplayBox"
  >
    <span>
      9
    </span>
  </div>
</div>
`;
